// Jest Snapshot v1, https://goo.gl/fbAQLP

exports[`Match Snapshot for page size 1`] = `
Array [
  <div
    className="UNX-pageSize__container"
  >
    <select
      className="UNX-pageSize__dropdown"
      data-testid="UNX-pageSize__dropdown"
      id="UNX-pageSize__dropdown"
      name="pageSize"
      onChange={[Function]}
      value={10}
    >
      <option
        value={5}
      >
        5
      </option>
      <option
        value={10}
      >
        10
      </option>
      <option
        value={15}
      >
        15
      </option>
    </select>
  </div>,
  <div
    className="UNX-searchbox__container"
  >
    <form
      onSubmit={[Function]}
    >
      <input
        className="UNX-searchbox__input"
        onChange={[Function]}
        placeholder=""
        value="boots"
      />
      <button
        aria-label="search"
        className="UNX-searchbox__button"
        tabIndex={0}
        type="submit"
      >
        Search
      </button>
    </form>
  </div>,
  <div>
    <div
      className="UNX-products__container"
    >
      <div
        className="UNX-products__list -grid grid-cols-4"
      >
        <div
          className="UNX-productCard__container"
        >
          <a
            className="UNX-product-card UNX-grid-card"
            href="https://www.wildearth.com.au/buy/vasque-breeze-all-terrain-gtx-mens-hiking-boots-br/V7040W"
            onClick={[Function]}
          >
            <img
              alt="Vasque Breeze All-Terrain GTX Mens Hiking Boots - Brown Olive/Bossa Nova"
              className="-image"
              src="https://www.wildearth.com.au/assets/full/V7040W.jpg"
            />
          </a>
          <div
            className="UNX-swatch__container"
          />
          <div
            className="-details"
          >
            <div
              className="-title"
            >
              Vasque Breeze All-Terrain GTX Mens Hiking Boots - Brown Olive/Bossa Nova
            </div>
            <div
              className="-price"
            >
              <span
                className="-strike"
              >
                $
                369.99
                 
              </span>
            </div>
          </div>
        </div>
        <div
          className="UNX-productCard__container"
        >
          <a
            className="UNX-product-card UNX-grid-card"
            href="https://www.wildearth.com.au/buy/vasque-breeze-all-terrain-gtx-womens-hiking-boots/V7023W"
            onClick={[Function]}
          >
            <img
              alt="Vasque Breeze All-Terrain GTX Womens Hiking Boots - Gargyle"
              className="-image"
              src="https://www.wildearth.com.au/assets/full/V7023W.jpg"
            />
          </a>
          <div
            className="UNX-swatch__container"
          />
          <div
            className="-details"
          >
            <div
              className="-title"
            >
              Vasque Breeze All-Terrain GTX Womens Hiking Boots - Gargyle
            </div>
            <div
              className="-price"
            >
              <span
                className="-strike"
              >
                $
                369.99
                 
              </span>
            </div>
          </div>
        </div>
        <div
          className="UNX-productCard__container"
        >
          <a
            className="UNX-product-card UNX-grid-card"
            href="https://www.wildearth.com.au/buy/scarpa-phantom-6000-mountaineering-boots-black-ora/SCA40017-BlackOrange"
            onClick={[Function]}
          >
            <img
              alt="Scarpa Phantom 6000 Unisex Waterproof Mountaineering Boots"
              className="-image"
              src="https://www.wildearth.com.au/assets/full/SCA40017-BlackOrange.jpg"
            />
          </a>
          <div
            className="UNX-swatch__container"
          />
          <div
            className="-details"
          >
            <div
              className="-title"
            >
              Scarpa Phantom 6000 Unisex Waterproof Mountaineering Boots
            </div>
            <div
              className="-price"
            >
              <span
                className="-strike"
              >
                $
                1099.95
                 
              </span>
            </div>
          </div>
        </div>
        <div
          className="UNX-productCard__container"
        >
          <a
            className="UNX-product-card UNX-grid-card"
            href="https://www.wildearth.com.au/buy/scarpa-mont-blanc-pro-gtx-goretex-mountaineering-b/SCA40013"
            onClick={[Function]}
          >
            <img
              alt="Scarpa Mont Blanc Pro GTX Goretex Unisex Mountaineering Boots"
              className="-image"
              src="https://www.wildearth.com.au/assets/full/SCA40013.jpg"
            />
          </a>
          <div
            className="UNX-swatch__container"
          />
          <div
            className="-details"
          >
            <div
              className="-title"
            >
              Scarpa Mont Blanc Pro GTX Goretex Unisex Mountaineering Boots
            </div>
            <div
              className="-price"
            >
              <span
                className="-strike"
              >
                $
                749.95
                 
              </span>
            </div>
          </div>
        </div>
        <div
          className="UNX-productCard__container"
        >
          <a
            className="UNX-product-card UNX-grid-card"
            href="https://www.wildearth.com.au/buy/scarpa-terra-gtx-unisex-shoes-brown/SCA00108"
            onClick={[Function]}
          >
            <img
              alt="Scarpa Terra Goretex Unisex Waterproof Hiking Boots - Brown"
              className="-image"
              src="https://www.wildearth.com.au/assets/full/SCA00108.jpg"
            />
          </a>
          <div
            className="UNX-swatch__container"
          />
          <div
            className="-details"
          >
            <div
              className="-title"
            >
              Scarpa Terra Goretex Unisex Waterproof Hiking Boots - Brown
            </div>
            <div
              className="-price"
            >
              <span
                className="-strike"
              >
                $
                349.95
                 
              </span>
            </div>
          </div>
        </div>
        <div
          className="UNX-productCard__container"
        >
          <a
            className="UNX-product-card UNX-grid-card"
            href="https://www.wildearth.com.au/buy/scarpa-delta-leather-fly-mens-hiking-boots-mens-hi/SCA00090"
            onClick={[Function]}
          >
            <img
              alt="Scarpa Delta Leather Fly Mens Waterproof Hiking Boots - T.Di Moro"
              className="-image"
              src="https://www.wildearth.com.au/assets/full/SCA00090.jpg"
            />
          </a>
          <div
            className="UNX-swatch__container"
          />
          <div
            className="-details"
          >
            <div
              className="-title"
            >
              Scarpa Delta Leather Fly Mens Waterproof Hiking Boots - T.Di Moro
            </div>
            <div
              className="-price"
            >
              <span
                className="-strike"
              >
                $
                399.95
                 
              </span>
            </div>
          </div>
        </div>
        <div
          className="UNX-productCard__container"
        >
          <a
            className="UNX-product-card UNX-grid-card"
            href="https://www.wildearth.com.au/buy/scarpa-delta-womens-leather-waterproof-hiking-boot/SCA00065"
            onClick={[Function]}
          >
            <img
              alt="Scarpa Delta Womens Goretex Waterproof Leather Hiking Boots"
              className="-image"
              src="https://www.wildearth.com.au/assets/full/SCA00065.jpg"
            />
          </a>
          <div
            className="UNX-swatch__container"
          />
          <div
            className="-details"
          >
            <div
              className="-title"
            >
              Scarpa Delta Womens Goretex Waterproof Leather Hiking Boots
            </div>
            <div
              className="-price"
            >
              <span
                className="-strike"
              >
                $
                499.95
                 
              </span>
            </div>
          </div>
        </div>
        <div
          className="UNX-productCard__container"
        >
          <a
            className="UNX-product-card UNX-grid-card"
            href="https://www.wildearth.com.au/buy/salomon-quest-prime-gtx-womens-hiking-boots-ebony/411299"
            onClick={[Function]}
          >
            <img
              alt="Salomon Quest Prime GTX Womens Hiking Boots - Ebony/Black/Icy Morn"
              className="-image"
              src="https://www.wildearth.com.au/assets/full/411299.jpg"
            />
          </a>
          <div
            className="UNX-swatch__container"
          />
          <div
            className="-details"
          >
            <div
              className="-title"
            >
              Salomon Quest Prime GTX Womens Hiking Boots - Ebony/Black/Icy Morn
            </div>
            <div
              className="-price"
            >
              <span
                className="-strike"
              >
                $
                299.99
                 
              </span>
            </div>
          </div>
        </div>
        <div
          className="UNX-productCard__container"
        >
          <a
            className="UNX-product-card UNX-grid-card"
            href="https://www.wildearth.com.au/buy/salomon-outblast-ts-cswp-mens-hiking-boots-black-b/409223"
            onClick={[Function]}
          >
            <img
              alt="Salomon OUTblast TS CSWP Mens Hiking Boots - Black/Black/Black"
              className="-image"
              src="https://www.wildearth.com.au/assets/full/409223.jpg"
            />
          </a>
          <div
            className="UNX-swatch__container"
          />
          <div
            className="-details"
          >
            <div
              className="-title"
            >
              Salomon OUTblast TS CSWP Mens Hiking Boots - Black/Black/Black
            </div>
            <div
              className="-price"
            >
              <span
                className="-strike"
              >
                $
                259.99
                 
              </span>
            </div>
          </div>
        </div>
        <div
          className="UNX-productCard__container"
        >
          <a
            className="UNX-product-card UNX-grid-card"
            href="https://www.wildearth.com.au/buy/salomon-quest-prime-gtx-mens-hiking-shoes-phantom/404637"
            onClick={[Function]}
          >
            <img
              alt="Salomon Quest Prime Goretex Mens Waterproof Hiking Boots - Phantom/Black/Quiet Shade"
              className="-image"
              src="https://www.wildearth.com.au/assets/full/404637.jpg"
            />
          </a>
          <div
            className="UNX-swatch__container"
          />
          <div
            className="-details"
          >
            <div
              className="-title"
            >
              Salomon Quest Prime Goretex Mens Waterproof Hiking Boots - Phantom/Black/Quiet Shade
            </div>
            <div
              className="-price"
            >
              <span
                className="-strike"
              >
                $
                299.99
                 
              </span>
            </div>
          </div>
        </div>
      </div>
    </div>
  </div>,
]
`;
