// Jest Snapshot v1, https://goo.gl/fbAQLP

exports[`Match Snapshot for breadcrumbs 1`] = `
Array [
  <div
    className="UNX-breadcrumbs__container"
  >
    <div
      className="UNX-breadcrumbs__list"
    />
  </div>,
  <div
    className="UNX-breadcrumbs__container"
  >
    <div
      className="UNX-breadcrumbs__list"
    />
  </div>,
  <div>
    <div
      className="UNX-products__container"
    >
      <div
        className="UNX-products__list -grid grid-cols-4"
      >
        <div
          className="UNX-productCard__container"
        >
          <a
            className="UNX-product-card UNX-grid-card"
            onClick={[Function]}
          >
            <img
              className="-image"
            />
          </a>
          <div
            className="UNX-swatch__container"
          />
          <div
            className="-details"
          >
            <div
              className="-title"
            />
            <div
              className="-price"
            />
          </div>
        </div>
        <div
          className="UNX-productCard__container"
        >
          <a
            className="UNX-product-card UNX-grid-card"
            onClick={[Function]}
          >
            <img
              className="-image"
            />
          </a>
          <div
            className="UNX-swatch__container"
          />
          <div
            className="-details"
          >
            <div
              className="-title"
            />
            <div
              className="-price"
            />
          </div>
        </div>
        <div
          className="UNX-productCard__container"
        >
          <a
            className="UNX-product-card UNX-grid-card"
            onClick={[Function]}
          >
            <img
              className="-image"
            />
          </a>
          <div
            className="UNX-swatch__container"
          />
          <div
            className="-details"
          >
            <div
              className="-title"
            />
            <div
              className="-price"
            />
          </div>
        </div>
        <div
          className="UNX-productCard__container"
        >
          <a
            className="UNX-product-card UNX-grid-card"
            onClick={[Function]}
          >
            <img
              className="-image"
            />
          </a>
          <div
            className="UNX-swatch__container"
          />
          <div
            className="-details"
          >
            <div
              className="-title"
            />
            <div
              className="-price"
            />
          </div>
        </div>
        <div
          className="UNX-productCard__container"
        >
          <a
            className="UNX-product-card UNX-grid-card"
            onClick={[Function]}
          >
            <img
              className="-image"
            />
          </a>
          <div
            className="UNX-swatch__container"
          />
          <div
            className="-details"
          >
            <div
              className="-title"
            />
            <div
              className="-price"
            />
          </div>
        </div>
        <div
          className="UNX-productCard__container"
        >
          <a
            className="UNX-product-card UNX-grid-card"
            onClick={[Function]}
          >
            <img
              className="-image"
            />
          </a>
          <div
            className="UNX-swatch__container"
          />
          <div
            className="-details"
          >
            <div
              className="-title"
            />
            <div
              className="-price"
            />
          </div>
        </div>
        <div
          className="UNX-productCard__container"
        >
          <a
            className="UNX-product-card UNX-grid-card"
            onClick={[Function]}
          >
            <img
              className="-image"
            />
          </a>
          <div
            className="UNX-swatch__container"
          />
          <div
            className="-details"
          >
            <div
              className="-title"
            />
            <div
              className="-price"
            />
          </div>
        </div>
        <div
          className="UNX-productCard__container"
        >
          <a
            className="UNX-product-card UNX-grid-card"
            onClick={[Function]}
          >
            <img
              className="-image"
            />
          </a>
          <div
            className="UNX-swatch__container"
          />
          <div
            className="-details"
          >
            <div
              className="-title"
            />
            <div
              className="-price"
            />
          </div>
        </div>
        <div
          className="UNX-productCard__container"
        >
          <a
            className="UNX-product-card UNX-grid-card"
            onClick={[Function]}
          >
            <img
              className="-image"
            />
          </a>
          <div
            className="UNX-swatch__container"
          />
          <div
            className="-details"
          >
            <div
              className="-title"
            />
            <div
              className="-price"
            />
          </div>
        </div>
        <div
          className="UNX-productCard__container"
        >
          <a
            className="UNX-product-card UNX-grid-card"
            onClick={[Function]}
          >
            <img
              className="-image"
            />
          </a>
          <div
            className="UNX-swatch__container"
          />
          <div
            className="-details"
          >
            <div
              className="-title"
            />
            <div
              className="-price"
            />
          </div>
        </div>
      </div>
    </div>
  </div>,
  <div>
    <div
      className="UNX-searchbox__container"
    >
      <form
        onSubmit={[Function]}
      >
        <input
          className="UNX-searchbox__input"
          onChange={[Function]}
          placeholder=""
          value="*"
        />
        <button
          aria-label="search"
          className="UNX-searchbox__button"
          tabIndex={0}
          type="submit"
        >
          Search
        </button>
      </form>
    </div>
  </div>,
]
`;
